// Jest Snapshot v1, https://goo.gl/fbAQLP

exports[`xlsx-aio-import should import xlsx aio template correctly as xlsx ImportResult 1`] = `
{
  "del2Dels": {
    "columns": [],
    "issues": [
      {
        "col": 1,
        "colRef": [
          "From DeliveryID",
        ],
        "invalidatesRow": true,
        "msg": "Invalid reference.",
        "row": 3,
        "sheet": "Deliveries2Deliveries",
        "type": "error",
        "value": "NotExistentDeliveryId",
      },
      {
        "col": 2,
        "colRef": [
          "Into DeliveryID",
        ],
        "invalidatesRow": true,
        "msg": "Invalid reference.",
        "row": 3,
        "sheet": "Deliveries2Deliveries",
        "type": "error",
        "value": "M_PP",
      },
      {
        "msg": "Row was omitted.",
        "row": 3,
        "sheet": "Deliveries2Deliveries",
      },
      {
        "col": 1,
        "colRef": [
          "From DeliveryID",
        ],
        "invalidatesRow": true,
        "msg": "Missing value.",
        "row": 4,
        "sheet": "Deliveries2Deliveries",
        "type": "error",
      },
      {
        "col": 2,
        "colRef": [
          "Into DeliveryID",
        ],
        "invalidatesRow": true,
        "msg": "Invalid reference.",
        "row": 4,
        "sheet": "Deliveries2Deliveries",
        "type": "error",
        "value": "M_PP",
      },
      {
        "msg": "Row was omitted.",
        "row": 4,
        "sheet": "Deliveries2Deliveries",
      },
      {
        "col": 2,
        "colRef": [
          "Into DeliveryID",
        ],
        "invalidatesRow": true,
        "msg": "Invalid reference.",
        "row": 5,
        "sheet": "Deliveries2Deliveries",
        "type": "error",
        "value": "NotExistentDeliveryID",
      },
      {
        "msg": "Row was omitted.",
        "row": 5,
        "sheet": "Deliveries2Deliveries",
      },
      {
        "col": 2,
        "colRef": [
          "Into DeliveryID",
        ],
        "invalidatesRow": true,
        "msg": "Missing value.",
        "row": 6,
        "sheet": "Deliveries2Deliveries",
        "type": "error",
      },
      {
        "msg": "Row was omitted.",
        "row": 6,
        "sheet": "Deliveries2Deliveries",
      },
      {
        "col": 2,
        "colRef": [
          "Into DeliveryID",
        ],
        "invalidatesRow": true,
        "msg": "Receiving station is different from sending station.",
        "row": 7,
        "sheet": "Deliveries2Deliveries",
        "type": "error",
        "value": "PP_M",
      },
      {
        "msg": "Row was omitted.",
        "row": 7,
        "sheet": "Deliveries2Deliveries",
      },
      {
        "col": 1,
        "colRef": [
          "From DeliveryID",
        ],
        "invalidatesRow": true,
        "msg": "Invalid reference.",
        "row": 10,
        "sheet": "Deliveries2Deliveries",
        "type": "error",
        "value": "SDubID_M",
      },
      {
        "msg": "Row was omitted.",
        "row": 10,
        "sheet": "Deliveries2Deliveries",
      },
      {
        "col": 2,
        "colRef": [
          "Into DeliveryID",
        ],
        "invalidatesRow": true,
        "msg": "Invalid reference.",
        "row": 11,
        "sheet": "Deliveries2Deliveries",
        "type": "error",
        "value": "M_SDubID",
      },
      {
        "msg": "Row was omitted.",
        "row": 11,
        "sheet": "Deliveries2Deliveries",
      },
    ],
    "omittedRows": 9,
    "rows": [
      {
        "from": "D64682491",
        "to": "D273057957",
      },
    ],
  },
  "deliveries": {
    "columns": [],
    "issues": [
      {
        "col": 1,
        "colRef": [
          "DeliveryID",
        ],
        "invalidatesRow": true,
        "msg": "Missing value.",
        "row": 57,
        "sheet": "Deliveries",
        "type": "error",
      },
      {
        "col": 1,
        "colRef": [
          "DeliveryID",
        ],
        "invalidatesRow": true,
        "msg": "Primary key is not unique.",
        "row": 5,
        "sheet": "Deliveries",
        "type": "error",
        "value": "DEDubDID",
      },
      {
        "col": 1,
        "colRef": [
          "DeliveryID",
        ],
        "invalidatesRow": true,
        "msg": "Primary key is not unique.",
        "row": 6,
        "sheet": "Deliveries",
        "type": "error",
        "value": "DEDubDID",
      },
      {
        "col": 2,
        "colRef": [
          "Sender",
        ],
        "invalidatesRow": true,
        "msg": "Invalid reference.",
        "ref": "DESenderUnknown",
        "row": 3,
        "sheet": "Deliveries",
        "type": "error",
        "value": "NE1",
      },
      {
        "msg": "Row was omitted.",
        "row": 3,
        "sheet": "Deliveries",
      },
      {
        "col": 15,
        "colRef": [
          "Recipient",
        ],
        "invalidatesRow": true,
        "msg": "Invalid reference.",
        "ref": "DERecipientUnknown",
        "row": 4,
        "sheet": "Deliveries",
        "type": "error",
        "value": "NE1",
      },
      {
        "msg": "Row was omitted.",
        "row": 4,
        "sheet": "Deliveries",
      },
      {
        "msg": "Row was omitted.",
        "row": 5,
        "sheet": "Deliveries",
      },
      {
        "msg": "Row was omitted.",
        "row": 6,
        "sheet": "Deliveries",
      },
      {
        "invalidatesRow": true,
        "msg": "Row is too similar to row 9.",
        "row": 10,
        "sheet": "Deliveries",
      },
      {
        "msg": "Row was omitted.",
        "row": 10,
        "sheet": "Deliveries",
      },
      {
        "col": 5,
        "colRef": [
          "Lot size",
          "Quantity",
        ],
        "msg": "Invalid value.",
        "ref": "DELQNoNum",
        "row": 11,
        "sheet": "Deliveries",
        "type": "error",
        "value": "iwue",
      },
      {
        "col": 5,
        "colRef": [
          "Lot size",
          "Quantity",
        ],
        "msg": "Invalid value.",
        "ref": "DELQOoR",
        "row": 12,
        "sheet": "Deliveries",
        "type": "error",
        "value": -1,
      },
      {
        "col": 5,
        "colRef": [
          "Lot size",
          "Quantity",
        ],
        "msg": "Missing value.",
        "ref": "DELQMissing",
        "row": 13,
        "sheet": "Deliveries",
      },
      {
        "col": 6,
        "colRef": [
          "Lot size",
          "Type / Unit",
        ],
        "msg": "Value omitted (invalid or missing number column).",
        "ref": "DELQMissing",
        "row": 13,
        "sheet": "Deliveries",
        "value": "kg",
      },
      {
        "col": 7,
        "colRef": [
          "Delivery Date Departure",
          "Day",
        ],
        "msg": "Invalid value.",
        "ref": "DEDDDayNoNum",
        "row": 18,
        "sheet": "Deliveries",
        "type": "error",
        "value": "End",
      },
      {
        "col": 7,
        "colRef": [
          "Delivery Date Departure",
          "Day",
        ],
        "msg": "Invalid value.",
        "ref": "DEDDDayOofR",
        "row": 19,
        "sheet": "Deliveries",
        "type": "error",
        "value": 2000,
      },
      {
        "col": 8,
        "colRef": [
          "Delivery Date Departure",
          "Month",
        ],
        "msg": "Invalid value.",
        "ref": "DEDDMonthNoNum",
        "row": 20,
        "sheet": "Deliveries",
        "type": "error",
        "value": "May",
      },
      {
        "col": 8,
        "colRef": [
          "Delivery Date Departure",
          "Month",
        ],
        "msg": "Invalid value.",
        "ref": "DEDDMonthOofR",
        "row": 21,
        "sheet": "Deliveries",
        "type": "error",
        "value": 13,
      },
      {
        "col": 7,
        "colRef": [
          "Delivery Date Departure",
          "Day",
        ],
        "msg": "Value omitted (invalid or missing month).",
        "ref": "DEDDMonthMissing",
        "row": 22,
        "sheet": "Deliveries",
        "type": "warning",
        "value": 10,
      },
      {
        "col": 9,
        "colRef": [
          "Delivery Date Departure",
          "Year",
        ],
        "msg": "Invalid value.",
        "ref": "DEDDYearNoNum",
        "row": 23,
        "sheet": "Deliveries",
        "type": "error",
        "value": "2K",
      },
      {
        "col": 9,
        "colRef": [
          "Delivery Date Departure",
          "Year",
        ],
        "msg": "Invalid value.",
        "ref": "DEDDYearOfR",
        "row": 24,
        "sheet": "Deliveries",
        "type": "error",
        "value": -5,
      },
      {
        "col": 8,
        "colRef": [
          "Delivery Date Departure",
          "Month",
        ],
        "msg": "Value omitted (invalid or missing year).",
        "ref": "DEDDYearMissing",
        "row": 25,
        "sheet": "Deliveries",
        "type": "warning",
        "value": 5,
      },
      {
        "col": 7,
        "colRef": [
          "Delivery Date Departure",
          "Day",
        ],
        "msg": "Value omitted (invalid or missing year).",
        "ref": "DEDDYearMissing",
        "row": 25,
        "sheet": "Deliveries",
        "type": "warning",
        "value": 10,
      },
      {
        "col": 7,
        "colRef": [
          "Delivery Date Departure",
          "Day",
        ],
        "msg": "Invalid value.",
        "ref": "DEDDInvalid",
        "row": 26,
        "sheet": "Deliveries",
        "type": "error",
        "value": 30,
      },
      {
        "col": 10,
        "colRef": [
          "Delivery Date Arrival",
          "Day",
        ],
        "msg": "Invalid value.",
        "ref": "DEADDayNoNum",
        "row": 27,
        "sheet": "Deliveries",
        "type": "error",
        "value": "End",
      },
      {
        "col": 10,
        "colRef": [
          "Delivery Date Arrival",
          "Day",
        ],
        "msg": "Invalid value.",
        "ref": "DEADDayOofR",
        "row": 28,
        "sheet": "Deliveries",
        "type": "error",
        "value": 2000,
      },
      {
        "col": 11,
        "colRef": [
          "Delivery Date Arrival",
          "Month",
        ],
        "msg": "Invalid value.",
        "ref": "DEADMonthNoNum",
        "row": 29,
        "sheet": "Deliveries",
        "type": "error",
        "value": "May",
      },
      {
        "col": 11,
        "colRef": [
          "Delivery Date Arrival",
          "Month",
        ],
        "msg": "Invalid value.",
        "ref": "DEADMonthOofR",
        "row": 30,
        "sheet": "Deliveries",
        "type": "error",
        "value": 13,
      },
      {
        "col": 10,
        "colRef": [
          "Delivery Date Arrival",
          "Day",
        ],
        "msg": "Value omitted (invalid or missing month).",
        "ref": "DEADMonthMissing",
        "row": 31,
        "sheet": "Deliveries",
        "type": "warning",
        "value": 10,
      },
      {
        "col": 12,
        "colRef": [
          "Delivery Date Arrival",
          "Year",
        ],
        "msg": "Invalid value.",
        "ref": "DEADYearNoNum",
        "row": 32,
        "sheet": "Deliveries",
        "type": "error",
        "value": "2K",
      },
      {
        "col": 12,
        "colRef": [
          "Delivery Date Arrival",
          "Year",
        ],
        "msg": "Invalid value.",
        "ref": "DEADYearOfR",
        "row": 33,
        "sheet": "Deliveries",
        "type": "error",
        "value": -5,
      },
      {
        "col": 11,
        "colRef": [
          "Delivery Date Arrival",
          "Month",
        ],
        "msg": "Value omitted (invalid or missing year).",
        "ref": "DEADYearMissing",
        "row": 34,
        "sheet": "Deliveries",
        "type": "warning",
        "value": 5,
      },
      {
        "col": 10,
        "colRef": [
          "Delivery Date Arrival",
          "Day",
        ],
        "msg": "Value omitted (invalid or missing year).",
        "ref": "DEADYearMissing",
        "row": 34,
        "sheet": "Deliveries",
        "type": "warning",
        "value": 10,
      },
      {
        "col": 10,
        "colRef": [
          "Delivery Date Arrival",
          "Day",
        ],
        "msg": "Invalid value.",
        "ref": "DEADInvalid",
        "row": 35,
        "sheet": "Deliveries",
        "type": "error",
        "value": 30,
      },
      {
        "col": 13,
        "colRef": [
          "Unit weigt/vol./pck.",
          "Quantity",
        ],
        "msg": "Invalid value.",
        "ref": "DEANNoNum",
        "row": 37,
        "sheet": "Deliveries",
        "type": "error",
        "value": "1kg",
      },
      {
        "col": 13,
        "colRef": [
          "Unit weigt/vol./pck.",
          "Quantity",
        ],
        "msg": "Invalid value.",
        "ref": "DEANOoR",
        "row": 38,
        "sheet": "Deliveries",
        "type": "error",
        "value": -5,
      },
      {
        "col": 13,
        "colRef": [
          "Unit weigt/vol./pck.",
          "Quantity",
        ],
        "msg": "Missing value.",
        "ref": "DEANMissing",
        "row": 39,
        "sheet": "Deliveries",
      },
      {
        "col": 14,
        "colRef": [
          "Unit weigt/vol./pck.",
          "Type / Unit",
        ],
        "msg": "Value omitted (invalid or missing number column).",
        "ref": "DEANMissing",
        "row": 39,
        "sheet": "Deliveries",
        "value": "kg",
      },
      {
        "col": 13,
        "colRef": [
          "Unit weigt/vol./pck.",
          "Quantity",
        ],
        "msg": "Missing value.",
        "ref": "DEIDOnly",
        "row": 40,
        "sheet": "Deliveries",
      },
      {
        "col": 14,
        "colRef": [
          "Unit weigt/vol./pck.",
          "Type / Unit",
        ],
        "msg": "Value omitted (invalid or missing number column).",
        "ref": "DEIDOnly",
        "row": 40,
        "sheet": "Deliveries",
        "value": "kg",
      },
      {
        "col": 2,
        "colRef": [
          "Sender",
        ],
        "invalidatesRow": true,
        "msg": "Missing value.",
        "ref": "DESenderMissing",
        "row": 41,
        "sheet": "Deliveries",
        "type": "error",
      },
      {
        "msg": "Row was omitted.",
        "row": 41,
        "sheet": "Deliveries",
      },
      {
        "col": 15,
        "colRef": [
          "Recipient",
        ],
        "invalidatesRow": true,
        "msg": "Missing value.",
        "ref": "DERecipientMissing",
        "row": 42,
        "sheet": "Deliveries",
        "type": "error",
      },
      {
        "msg": "Row was omitted.",
        "row": 42,
        "sheet": "Deliveries",
      },
      {
        "col": 5,
        "colRef": [
          "Lot size",
          "Quantity",
        ],
        "msg": "Invalid value.",
        "ref": "DEXYGrey",
        "row": 43,
        "sheet": "Deliveries",
        "type": "error",
        "value": "AS",
      },
      {
        "msg": "Row was omitted.",
        "row": 57,
        "sheet": "Deliveries",
      },
      {
        "col": 2,
        "colRef": [
          "Sender",
        ],
        "invalidatesRow": true,
        "msg": "Invalid reference.",
        "ref": "SDubID_M",
        "row": 58,
        "sheet": "Deliveries",
        "type": "error",
        "value": "SDubID",
      },
      {
        "msg": "Row was omitted.",
        "row": 58,
        "sheet": "Deliveries",
      },
      {
        "col": 15,
        "colRef": [
          "Recipient",
        ],
        "invalidatesRow": true,
        "msg": "Invalid reference.",
        "ref": "M_SDubID",
        "row": 59,
        "sheet": "Deliveries",
        "type": "error",
        "value": "SDubID",
      },
      {
        "msg": "Row was omitted.",
        "row": 59,
        "sheet": "Deliveries",
      },
    ],
    "omittedRows": 10,
    "rows": [
      {
        "dateIn": "2025-09-26",
        "dateOut": "2024-08-25",
        "extId": "PP_M",
        "id": "D64682491",
        "lotAmount": "500 kg",
        "lotAmountNumber": 500,
        "lotAmountUnit": "kg",
        "lotNumber": "L1",
        "otherProps": {},
        "productName": "ValidDelivery1",
        "source": "S1658587594",
        "target": "S1437536849",
        "unitAmount": "100 kg",
        "unitAmountNumber": 100,
        "unitAmountUnit": "kg",
      },
      {
        "dateIn": "2025-10-28",
        "dateOut": "2025-09-27",
        "extId": "M_C",
        "id": "D273057957",
        "lotAmount": "500 kg",
        "lotAmountNumber": 500,
        "lotAmountUnit": "kg",
        "lotNumber": "L1",
        "otherProps": {},
        "productName": "ValidDelivery2",
        "source": "S1437536849",
        "target": "S949452699",
        "unitAmount": "1 kg",
        "unitAmountNumber": 1,
        "unitAmountUnit": "kg",
      },
      {
        "dateIn": "2000-01-01",
        "dateOut": "2000-01-01",
        "extId": "DEDubContent1",
        "id": "D1557048913",
        "lotAmount": undefined,
        "lotAmountNumber": undefined,
        "lotAmountUnit": undefined,
        "lotNumber": "Lot4",
        "otherProps": {},
        "productName": "Dublicate Content",
        "source": "S1658587594",
        "target": "S1437536849",
        "unitAmount": "1 kg",
        "unitAmountNumber": 1,
        "unitAmountUnit": "kg",
      },
      {
        "dateIn": undefined,
        "dateOut": undefined,
        "extId": "DELQNoNum",
        "id": "D1917791349",
        "lotAmount": "iwue",
        "lotAmountNumber": undefined,
        "lotAmountUnit": undefined,
        "lotNumber": undefined,
        "otherProps": {},
        "productName": "LotQuantityNotANumber",
        "source": "S1658587594",
        "target": "S1437536849",
        "unitAmount": undefined,
        "unitAmountNumber": undefined,
        "unitAmountUnit": undefined,
      },
      {
        "dateIn": undefined,
        "dateOut": undefined,
        "extId": "DELQOoR",
        "id": "D61491507",
        "lotAmount": "-1",
        "lotAmountNumber": undefined,
        "lotAmountUnit": undefined,
        "lotNumber": undefined,
        "otherProps": {},
        "productName": "LotQuantityNegative",
        "source": "S1658587594",
        "target": "S1437536849",
        "unitAmount": undefined,
        "unitAmountNumber": undefined,
        "unitAmountUnit": undefined,
      },
      {
        "dateIn": undefined,
        "dateOut": undefined,
        "extId": "DELQMissing",
        "id": "D1224288186",
        "lotAmount": "kg",
        "lotAmountNumber": undefined,
        "lotAmountUnit": undefined,
        "lotNumber": undefined,
        "otherProps": {},
        "productName": "LotUnitWoQuantity",
        "source": "S1658587594",
        "target": "S1437536849",
        "unitAmount": undefined,
        "unitAmountNumber": undefined,
        "unitAmountUnit": undefined,
      },
      {
        "dateIn": undefined,
        "dateOut": "2023-01-01",
        "extId": "DELQIncosNum1",
        "id": "D1118768196",
        "lotAmount": "5",
        "lotAmountNumber": 5,
        "lotAmountUnit": undefined,
        "lotNumber": "LA123",
        "otherProps": {},
        "productName": "LotQuantityInconsistentNumber",
        "source": "S1658587594",
        "target": "S1437536849",
        "unitAmount": undefined,
        "unitAmountNumber": undefined,
        "unitAmountUnit": undefined,
      },
      {
        "dateIn": undefined,
        "dateOut": "2023-01-02",
        "extId": "DELQIncosNum2",
        "id": "D1118769157",
        "lotAmount": "8",
        "lotAmountNumber": 8,
        "lotAmountUnit": undefined,
        "lotNumber": "LA123",
        "otherProps": {},
        "productName": "LotQuantityInconsistentNumber",
        "source": "S1658587594",
        "target": "S1437536849",
        "unitAmount": undefined,
        "unitAmountNumber": undefined,
        "unitAmountUnit": undefined,
      },
      {
        "dateIn": undefined,
        "dateOut": "2023-01-01",
        "extId": "DELQIncosUnit1",
        "id": "D1930091684",
        "lotAmount": "5 g",
        "lotAmountNumber": 5,
        "lotAmountUnit": "g",
        "lotNumber": "LA45",
        "otherProps": {},
        "productName": "LotQuantityInconsistentUnit",
        "source": "S1658587594",
        "target": "S1437536849",
        "unitAmount": undefined,
        "unitAmountNumber": undefined,
        "unitAmountUnit": undefined,
      },
      {
        "dateIn": undefined,
        "dateOut": "2023-01-02",
        "extId": "DELQIncosUnit2",
        "id": "D1930090723",
        "lotAmount": "5 kg",
        "lotAmountNumber": 5,
        "lotAmountUnit": "kg",
        "lotNumber": "LA45",
        "otherProps": {},
        "productName": "LotQuantityInconsistentUnit",
        "source": "S1658587594",
        "target": "S1437536849",
        "unitAmount": undefined,
        "unitAmountNumber": undefined,
        "unitAmountUnit": undefined,
      },
      {
        "dateIn": undefined,
        "dateOut": undefined,
        "extId": "DEDDDayNoNum",
        "id": "D611847846",
        "lotAmount": undefined,
        "lotAmountNumber": undefined,
        "lotAmountUnit": undefined,
        "lotNumber": undefined,
        "otherProps": {},
        "productName": "DeliveryDateDayNoNumber",
        "source": "S1658587594",
        "target": "S1437536849",
        "unitAmount": undefined,
        "unitAmountNumber": undefined,
        "unitAmountUnit": undefined,
      },
      {
        "dateIn": undefined,
        "dateOut": undefined,
        "extId": "DEDDDayOofR",
        "id": "D2147320588",
        "lotAmount": undefined,
        "lotAmountNumber": undefined,
        "lotAmountUnit": undefined,
        "lotNumber": undefined,
        "otherProps": {},
        "productName": "DeliveryDateDayOutOfRange",
        "source": "S1658587594",
        "target": "S1437536849",
        "unitAmount": undefined,
        "unitAmountNumber": undefined,
        "unitAmountUnit": undefined,
      },
      {
        "dateIn": undefined,
        "dateOut": undefined,
        "extId": "DEDDMonthNoNum",
        "id": "D673061706",
        "lotAmount": undefined,
        "lotAmountNumber": undefined,
        "lotAmountUnit": undefined,
        "lotNumber": undefined,
        "otherProps": {},
        "productName": "DeliveryDateMonthNoNumber",
        "source": "S1658587594",
        "target": "S1437536849",
        "unitAmount": undefined,
        "unitAmountNumber": undefined,
        "unitAmountUnit": undefined,
      },
      {
        "dateIn": undefined,
        "dateOut": undefined,
        "extId": "DEDDMonthOofR",
        "id": "D844624024",
        "lotAmount": undefined,
        "lotAmountNumber": undefined,
        "lotAmountUnit": undefined,
        "lotNumber": undefined,
        "otherProps": {},
        "productName": "DeliveryDateMonthOutOfRange",
        "source": "S1658587594",
        "target": "S1437536849",
        "unitAmount": undefined,
        "unitAmountNumber": undefined,
        "unitAmountUnit": undefined,
      },
      {
        "dateIn": undefined,
        "dateOut": "2000",
        "extId": "DEDDMonthMissing",
        "id": "D2123504922",
        "lotAmount": undefined,
        "lotAmountNumber": undefined,
        "lotAmountUnit": undefined,
        "lotNumber": undefined,
        "otherProps": {},
        "productName": "DeliveryDateMonthMissing",
        "source": "S1658587594",
        "target": "S1437536849",
        "unitAmount": undefined,
        "unitAmountNumber": undefined,
        "unitAmountUnit": undefined,
      },
      {
        "dateIn": undefined,
        "dateOut": undefined,
        "extId": "DEDDYearNoNum",
        "id": "D1763576797",
        "lotAmount": undefined,
        "lotAmountNumber": undefined,
        "lotAmountUnit": undefined,
        "lotNumber": undefined,
        "otherProps": {},
        "productName": "DeliveryDateYearNoNumber",
        "source": "S1658587594",
        "target": "S1437536849",
        "unitAmount": undefined,
        "unitAmountNumber": undefined,
        "unitAmountUnit": undefined,
      },
      {
        "dateIn": undefined,
        "dateOut": undefined,
        "extId": "DEDDYearOfR",
        "id": "D857606251",
        "lotAmount": undefined,
        "lotAmountNumber": undefined,
        "lotAmountUnit": undefined,
        "lotNumber": undefined,
        "otherProps": {},
        "productName": "DeliveryDateYearOutOfRange",
        "source": "S1658587594",
        "target": "S1437536849",
        "unitAmount": undefined,
        "unitAmountNumber": undefined,
        "unitAmountUnit": undefined,
      },
      {
        "dateIn": undefined,
        "dateOut": undefined,
        "extId": "DEDDYearMissing",
        "id": "D492929065",
        "lotAmount": undefined,
        "lotAmountNumber": undefined,
        "lotAmountUnit": undefined,
        "lotNumber": undefined,
        "otherProps": {},
        "productName": "DeliveryDateYearMissing",
        "source": "S1658587594",
        "target": "S1437536849",
        "unitAmount": undefined,
        "unitAmountNumber": undefined,
        "unitAmountUnit": undefined,
      },
      {
        "dateIn": undefined,
        "dateOut": "2000-02",
        "extId": "DEDDInvalid",
        "id": "D358798586",
        "lotAmount": undefined,
        "lotAmountNumber": undefined,
        "lotAmountUnit": undefined,
        "lotNumber": undefined,
        "otherProps": {},
        "productName": "DeliveryDateInvalid",
        "source": "S1658587594",
        "target": "S1437536849",
        "unitAmount": undefined,
        "unitAmountNumber": undefined,
        "unitAmountUnit": undefined,
      },
      {
        "dateIn": undefined,
        "dateOut": undefined,
        "extId": "DEADDayNoNum",
        "id": "D651223123",
        "lotAmount": undefined,
        "lotAmountNumber": undefined,
        "lotAmountUnit": undefined,
        "lotNumber": undefined,
        "otherProps": {},
        "productName": "ArrivalDateDayNoNumber",
        "source": "S1658587594",
        "target": "S1437536849",
        "unitAmount": undefined,
        "unitAmountNumber": undefined,
        "unitAmountUnit": undefined,
      },
      {
        "dateIn": undefined,
        "dateOut": undefined,
        "extId": "DEADDayOofR",
        "id": "D1332582241",
        "lotAmount": undefined,
        "lotAmountNumber": undefined,
        "lotAmountUnit": undefined,
        "lotNumber": undefined,
        "otherProps": {},
        "productName": "ArrivalDateDayOutOfRange",
        "source": "S1658587594",
        "target": "S1437536849",
        "unitAmount": undefined,
        "unitAmountNumber": undefined,
        "unitAmountUnit": undefined,
      },
      {
        "dateIn": undefined,
        "dateOut": undefined,
        "extId": "DEADMonthNoNum",
        "id": "D142002761",
        "lotAmount": undefined,
        "lotAmountNumber": undefined,
        "lotAmountUnit": undefined,
        "lotNumber": undefined,
        "otherProps": {},
        "productName": "ArrivalDateMonthNoNumber",
        "source": "S1658587594",
        "target": "S1437536849",
        "unitAmount": undefined,
        "unitAmountNumber": undefined,
        "unitAmountUnit": undefined,
      },
      {
        "dateIn": undefined,
        "dateOut": undefined,
        "extId": "DEADMonthOofR",
        "id": "D748280891",
        "lotAmount": undefined,
        "lotAmountNumber": undefined,
        "lotAmountUnit": undefined,
        "lotNumber": undefined,
        "otherProps": {},
        "productName": "ArrivalDateMonthOutOfRange",
        "source": "S1658587594",
        "target": "S1437536849",
        "unitAmount": undefined,
        "unitAmountNumber": undefined,
        "unitAmountUnit": undefined,
      },
      {
        "dateIn": "2000",
        "dateOut": undefined,
        "extId": "DEADMonthMissing",
        "id": "D920691564",
        "lotAmount": undefined,
        "lotAmountNumber": undefined,
        "lotAmountUnit": undefined,
        "lotNumber": undefined,
        "otherProps": {},
        "productName": "ArrivalDateMonthMissing",
        "source": "S1658587594",
        "target": "S1437536849",
        "unitAmount": undefined,
        "unitAmountNumber": undefined,
        "unitAmountUnit": undefined,
      },
      {
        "dateIn": undefined,
        "dateOut": undefined,
        "extId": "DEADYearNoNum",
        "id": "D1310756912",
        "lotAmount": undefined,
        "lotAmountNumber": undefined,
        "lotAmountUnit": undefined,
        "lotNumber": undefined,
        "otherProps": {},
        "productName": "ArrivalDateYearNoNumber",
        "source": "S1658587594",
        "target": "S1437536849",
        "unitAmount": undefined,
        "unitAmountNumber": undefined,
        "unitAmountUnit": undefined,
      },
      {
        "dateIn": undefined,
        "dateOut": undefined,
        "extId": "DEADYearOfR",
        "id": "D1360411550",
        "lotAmount": undefined,
        "lotAmountNumber": undefined,
        "lotAmountUnit": undefined,
        "lotNumber": undefined,
        "otherProps": {},
        "productName": "ArrivalDateYearOutOfRange",
        "source": "S1658587594",
        "target": "S1437536849",
        "unitAmount": undefined,
        "unitAmountNumber": undefined,
        "unitAmountUnit": undefined,
      },
      {
        "dateIn": undefined,
        "dateOut": undefined,
        "extId": "DEADYearMissing",
        "id": "D532304342",
        "lotAmount": undefined,
        "lotAmountNumber": undefined,
        "lotAmountUnit": undefined,
        "lotNumber": undefined,
        "otherProps": {},
        "productName": "ArrivalDateYearMissing",
        "source": "S1658587594",
        "target": "S1437536849",
        "unitAmount": undefined,
        "unitAmountNumber": undefined,
        "unitAmountUnit": undefined,
      },
      {
        "dateIn": "2000-02",
        "dateOut": undefined,
        "extId": "DEADInvalid",
        "id": "D2133337756",
        "lotAmount": undefined,
        "lotAmountNumber": undefined,
        "lotAmountUnit": undefined,
        "lotNumber": undefined,
        "otherProps": {},
        "productName": "ArrivalDateInvalid",
        "source": "S1658587594",
        "target": "S1437536849",
        "unitAmount": undefined,
        "unitAmountNumber": undefined,
        "unitAmountUnit": undefined,
      },
      {
        "dateIn": "2000-04-15",
        "dateOut": "2000-04-16",
        "extId": "DEADBeforeDD",
        "id": "D468378326",
        "lotAmount": undefined,
        "lotAmountNumber": undefined,
        "lotAmountUnit": undefined,
        "lotNumber": undefined,
        "otherProps": {},
        "productName": "ArrivalDateBeforeDeliveryDate",
        "source": "S1658587594",
        "target": "S1437536849",
        "unitAmount": undefined,
        "unitAmountNumber": undefined,
        "unitAmountUnit": undefined,
      },
      {
        "dateIn": undefined,
        "dateOut": undefined,
        "extId": "DEANNoNum",
        "id": "D1842804483",
        "lotAmount": undefined,
        "lotAmountNumber": undefined,
        "lotAmountUnit": undefined,
        "lotNumber": undefined,
        "otherProps": {},
        "productName": "AmountNumberNotANumber",
        "source": "S1658587594",
        "target": "S1437536849",
        "unitAmount": "1kg",
        "unitAmountNumber": undefined,
        "unitAmountUnit": undefined,
      },
      {
        "dateIn": undefined,
        "dateOut": undefined,
        "extId": "DEANOoR",
        "id": "D1098073329",
        "lotAmount": undefined,
        "lotAmountNumber": undefined,
        "lotAmountUnit": undefined,
        "lotNumber": undefined,
        "otherProps": {},
        "productName": "AmountNumberOutOfRange",
        "source": "S1658587594",
        "target": "S1437536849",
        "unitAmount": "-5",
        "unitAmountNumber": undefined,
        "unitAmountUnit": undefined,
      },
      {
        "dateIn": undefined,
        "dateOut": undefined,
        "extId": "DEANMissing",
        "id": "D414701827",
        "lotAmount": undefined,
        "lotAmountNumber": undefined,
        "lotAmountUnit": undefined,
        "lotNumber": undefined,
        "otherProps": {},
        "productName": "AmountNumberMissing",
        "source": "S1658587594",
        "target": "S1437536849",
        "unitAmount": "kg",
        "unitAmountNumber": undefined,
        "unitAmountUnit": undefined,
      },
      {
        "dateIn": undefined,
        "dateOut": undefined,
        "extId": "DEIDOnly",
        "id": "D1923428160",
        "lotAmount": undefined,
        "lotAmountNumber": undefined,
        "lotAmountUnit": undefined,
        "lotNumber": undefined,
        "otherProps": {},
        "productName": undefined,
        "source": "S1658587594",
        "target": "S1437536849",
        "unitAmount": "kg",
        "unitAmountNumber": undefined,
        "unitAmountUnit": undefined,
      },
      {
        "dateIn": undefined,
        "dateOut": undefined,
        "extId": "DEXYGrey",
        "id": "D1008655636",
        "lotAmount": "AS",
        "lotAmountNumber": undefined,
        "lotAmountUnit": undefined,
        "lotNumber": undefined,
        "otherProps": {
          "XYGrey": "XYGreyValue",
        },
        "productName": "XYGrey",
        "source": "S1658587594",
        "target": "S1437536849",
        "unitAmount": undefined,
        "unitAmountNumber": undefined,
        "unitAmountUnit": undefined,
      },
      {
        "dateIn": undefined,
        "dateOut": undefined,
        "extId": "DEXYLastGrey",
        "id": "D101755318",
        "lotAmount": undefined,
        "lotAmountNumber": undefined,
        "lotAmountUnit": undefined,
        "lotNumber": undefined,
        "otherProps": {},
        "productName": "XYLastGrey",
        "source": "S1658587594",
        "target": "S1437536849",
        "unitAmount": undefined,
        "unitAmountNumber": undefined,
        "unitAmountUnit": undefined,
      },
      {
        "dateIn": undefined,
        "dateOut": undefined,
        "extId": "DEXYWhite",
        "id": "D2058941334",
        "lotAmount": undefined,
        "lotAmountNumber": undefined,
        "lotAmountUnit": undefined,
        "lotNumber": undefined,
        "otherProps": {},
        "productName": "XYWhite",
        "source": "S1658587594",
        "target": "S1437536849",
        "unitAmount": undefined,
        "unitAmountNumber": undefined,
        "unitAmountUnit": undefined,
      },
      {
        "dateIn": undefined,
        "dateOut": undefined,
        "extId": "DEXYEmptyGrey",
        "id": "D190507443",
        "lotAmount": undefined,
        "lotAmountNumber": undefined,
        "lotAmountUnit": undefined,
        "lotNumber": undefined,
        "otherProps": {},
        "productName": "XYEmptyGrey",
        "source": "S1658587594",
        "target": "S1437536849",
        "unitAmount": undefined,
        "unitAmountNumber": undefined,
        "unitAmountUnit": undefined,
      },
      {
        "dateIn": undefined,
        "dateOut": undefined,
        "extId": "DEXYEmptyWhite",
        "id": "D578291119",
        "lotAmount": undefined,
        "lotAmountNumber": undefined,
        "lotAmountUnit": undefined,
        "lotNumber": undefined,
        "otherProps": {},
        "productName": "XYEmptyWhite",
        "source": "S1658587594",
        "target": "S1437536849",
        "unitAmount": undefined,
        "unitAmountNumber": undefined,
        "unitAmountUnit": undefined,
      },
      {
        "dateIn": undefined,
        "dateOut": undefined,
        "extId": "DEXYNum",
        "id": "D1623471609",
        "lotAmount": undefined,
        "lotAmountNumber": undefined,
        "lotAmountUnit": undefined,
        "lotNumber": undefined,
        "otherProps": {
          "XYNum": "5",
        },
        "productName": "XYNum",
        "source": "S1658587594",
        "target": "S1437536849",
        "unitAmount": undefined,
        "unitAmountNumber": undefined,
        "unitAmountUnit": undefined,
      },
      {
        "dateIn": undefined,
        "dateOut": undefined,
        "extId": "DEXYBool",
        "id": "D863024735",
        "lotAmount": undefined,
        "lotAmountNumber": undefined,
        "lotAmountUnit": undefined,
        "lotNumber": undefined,
        "otherProps": {
          "XYNum": "TRUE",
        },
        "productName": "XYBool",
        "source": "S1658587594",
        "target": "S1437536849",
        "unitAmount": undefined,
        "unitAmountNumber": undefined,
        "unitAmountUnit": undefined,
      },
      {
        "dateIn": "2000-08-07",
        "dateOut": "1000-06-05",
        "extId": "DENums",
        "id": "D1919260459",
        "lotAmount": "3 4",
        "lotAmountNumber": 3,
        "lotAmountUnit": "4",
        "lotNumber": "2",
        "otherProps": {},
        "productName": "1",
        "source": "S1658587594",
        "target": "S1437536849",
        "unitAmount": "9 10",
        "unitAmountNumber": 9,
        "unitAmountUnit": "10",
      },
      {
        "dateIn": undefined,
        "dateOut": undefined,
        "extId": "DEItemNo",
        "id": "D2052592752",
        "lotAmount": undefined,
        "lotAmountNumber": undefined,
        "lotAmountUnit": undefined,
        "lotNumber": undefined,
        "otherProps": {
          "Item Number": "ItemNo1",
        },
        "productName": "ItemNumber",
        "source": "S1658587594",
        "target": "S1437536849",
        "unitAmount": undefined,
        "unitAmountNumber": undefined,
        "unitAmountUnit": undefined,
      },
      {
        "dateIn": undefined,
        "dateOut": undefined,
        "extId": "DEProdDate",
        "id": "D2037203195",
        "lotAmount": undefined,
        "lotAmountNumber": undefined,
        "lotAmountUnit": undefined,
        "lotNumber": undefined,
        "lotProductionDate": "PD",
        "otherProps": {},
        "productName": "ProductionDate",
        "source": "S1658587594",
        "target": "S1437536849",
        "unitAmount": undefined,
        "unitAmountNumber": undefined,
        "unitAmountUnit": undefined,
      },
      {
        "dateIn": undefined,
        "dateOut": undefined,
        "extId": "DEBestBefDate",
        "id": "D494769989",
        "lotAmount": undefined,
        "lotAmountNumber": undefined,
        "lotAmountUnit": undefined,
        "lotBestBeforeDate": "BBD",
        "lotNumber": undefined,
        "otherProps": {},
        "productName": "BestBeforeDate",
        "source": "S1658587594",
        "target": "S1437536849",
        "unitAmount": undefined,
        "unitAmountNumber": undefined,
        "unitAmountUnit": undefined,
      },
      {
        "dateIn": undefined,
        "dateOut": undefined,
        "extId": "DETreatment",
        "id": "D1442431322",
        "lotAmount": undefined,
        "lotAmountNumber": undefined,
        "lotAmountUnit": undefined,
        "lotNumber": undefined,
        "lotTreatment": "My Treatment",
        "otherProps": {},
        "productName": "Treatment",
        "source": "S1658587594",
        "target": "S1437536849",
        "unitAmount": undefined,
        "unitAmountNumber": undefined,
        "unitAmountUnit": undefined,
      },
      {
        "dateIn": undefined,
        "dateOut": undefined,
        "extId": "DESampleDate",
        "id": "D1318485588",
        "lotAmount": undefined,
        "lotAmountNumber": undefined,
        "lotAmountUnit": undefined,
        "lotNumber": undefined,
        "otherProps": {
          "Sample date": "SD",
        },
        "productName": "SampleDate",
        "source": "S1658587594",
        "target": "S1437536849",
        "unitAmount": undefined,
        "unitAmountNumber": undefined,
        "unitAmountUnit": undefined,
      },
      {
        "dateIn": undefined,
        "dateOut": undefined,
        "extId": "DEXYDate",
        "id": "D907495971",
        "lotAmount": undefined,
        "lotAmountNumber": undefined,
        "lotAmountUnit": undefined,
        "lotNumber": undefined,
        "otherProps": {
          "XYDate": "2024-11-13",
        },
        "productName": "XYDate",
        "source": "S1658587594",
        "target": "S1437536849",
        "unitAmount": undefined,
        "unitAmountNumber": undefined,
        "unitAmountUnit": undefined,
      },
    ],
  },
  "stations": {
    "columns": [],
    "issues": [
      {
        "col": 1,
        "colRef": [
          "Company_ID",
        ],
        "invalidatesRow": true,
        "msg": "Missing value.",
        "row": 4,
        "sheet": "Stations",
        "type": "error",
      },
      {
        "col": 1,
        "colRef": [
          "Company_ID",
        ],
        "invalidatesRow": true,
        "msg": "Primary key is not unique.",
        "row": 2,
        "sheet": "Stations",
        "type": "error",
        "value": "SDubID",
      },
      {
        "col": 1,
        "colRef": [
          "Company_ID",
        ],
        "invalidatesRow": true,
        "msg": "Primary key is not unique.",
        "row": 3,
        "sheet": "Stations",
        "type": "error",
        "value": "SDubID",
      },
      {
        "msg": "Row was omitted.",
        "row": 2,
        "sheet": "Stations",
      },
      {
        "msg": "Row was omitted.",
        "row": 3,
        "sheet": "Stations",
      },
      {
        "msg": "Row was omitted.",
        "row": 4,
        "sheet": "Stations",
      },
      {
        "invalidatesRow": true,
        "msg": "Row is too similar to row 6.",
        "row": 7,
        "sheet": "Stations",
      },
      {
        "msg": "Row was omitted.",
        "row": 7,
        "sheet": "Stations",
      },
    ],
    "omittedRows": 4,
    "rows": [
      {
        "address": "Muellerstr. 10, 13597 Berlin",
        "country": "DE",
        "extId": "C",
        "id": "S949452699",
        "lat": 5.3434,
        "lon": 10.2323,
        "name": "C",
        "otherProps": {},
        "typeOfBusiness": "Consumer",
      },
      {
        "address": "Dorfstr. 14, 92382 Berlin",
        "country": "DE",
        "extId": "SDubContent1",
        "id": "S672260586",
        "name": "DublicateContent",
        "otherProps": {},
        "typeOfBusiness": "Consumer",
      },
      {
        "address": "3 4, 5 6",
        "country": "9",
        "extId": "1",
        "id": "S1257624959",
        "lat": 12,
        "lon": 13,
        "name": "2",
        "otherProps": {},
        "typeOfBusiness": "10",
      },
      {
        "address": "Lindenallee 500, 34567 Potsdam",
        "country": "DE",
        "extId": "PP",
        "id": "S1658587594",
        "name": "PP",
        "otherProps": {},
        "typeOfBusiness": "Primary Producer",
      },
      {
        "address": "Kirchweg 5, Leipzig",
        "country": "DE",
        "extId": "M",
        "id": "S1437536849",
        "name": "M",
        "otherProps": {},
        "typeOfBusiness": "Market",
      },
      {
        "address": "7",
        "country": undefined,
        "extId": "SOnlyStreetNo",
        "id": "S1290187924",
        "name": "OnlyStreetNo",
        "otherProps": {},
        "typeOfBusiness": undefined,
      },
      {
        "address": "39480",
        "country": undefined,
        "extId": "SOnlyZip",
        "id": "S183120048",
        "name": "OnlyZip",
        "otherProps": {},
        "typeOfBusiness": undefined,
      },
      {
        "address": "Frankfurt",
        "country": undefined,
        "extId": "SOnlyCity",
        "id": "S1851478847",
        "name": "OnlyCity",
        "otherProps": {},
        "typeOfBusiness": undefined,
      },
      {
        "address": "Uferpromenade",
        "country": undefined,
        "extId": "SOnlyStreet",
        "id": "S1975798481",
        "name": "OnlyStreet",
        "otherProps": {},
        "typeOfBusiness": undefined,
      },
      {
        "address": undefined,
        "country": undefined,
        "extId": "SXYStr",
        "id": "S1660918163",
        "name": "XYStr",
        "otherProps": {
          "XYStr": "test",
        },
        "typeOfBusiness": undefined,
      },
      {
        "address": undefined,
        "country": undefined,
        "extId": "SXYNum",
        "id": "S1656325544",
        "name": "XYNum",
        "otherProps": {
          "XYNum": 34,
        },
        "typeOfBusiness": undefined,
      },
      {
        "address": undefined,
        "country": undefined,
        "extId": "SXYWoHeader",
        "id": "S978867991",
        "name": "XYWithoutHeader",
        "otherProps": {},
        "typeOfBusiness": undefined,
      },
      {
        "address": undefined,
        "country": undefined,
        "extId": "SXYLastGrey",
        "id": "S160085833",
        "name": "XYLastGrey",
        "otherProps": {},
        "typeOfBusiness": undefined,
      },
      {
        "address": undefined,
        "country": undefined,
        "extId": "SXYWhite",
        "id": "S1615094731",
        "name": "XYWhite",
        "otherProps": {},
        "typeOfBusiness": undefined,
      },
    ],
  },
}
`;
